<html>
<body>
<pre>
<h1>µVision Build Log</h1>
<h2>Project:</h2>
D:\my own ABC\my CM4\SY-STM32F407 V2Àý³Ì£ºucOSII+emwinÀý³Ì\Project\Project.uvproj
Project File Date:  10/20/2012

<h2>Output:</h2>
Build target 'SY-STM32F407 V2.0'
compiling main.c...
..\User\main.c(53): warning:  #550-D: variable "os_err" was set but never used
..\User\main.c(95): warning:  #550-D: variable "os_err" was set but never used
..\User\main.c(93): warning:  #177-D: function "App_TaskCreate" was declared but never referenced
compiling stm32f4xx_it.c...
compiling delay.c...
compiling led.c...
compiling usart.c...
compiling glcd.c...
..\Hardware\lcd\glcd.c(238): warning:  #550-D: variable "dumry" was set but never used
..\Hardware\lcd\glcd.c(285): warning:  #223-D: function "printf" declared implicitly
..\Hardware\lcd\glcd.c(880): warning:  #186-D: pointless comparison of unsigned integer with zero
..\Hardware\lcd\glcd.c(880): warning:  #186-D: pointless comparison of unsigned integer with zero
compiling misc.c...
compiling stm32f4xx_exti.c...
compiling stm32f4xx_fsmc.c...
compiling stm32f4xx_gpio.c...
compiling stm32f4xx_usart.c...
compiling stm32f4xx_rcc.c...
compiling system_stm32f4xx.c...
assembling startup_stm32f4xx.s...
compiling LCD_X_8080_16.c...
compiling GUIDEMO.c...
compiling GUIDEMO_Automotive.c...
compiling GUIDEMO_BarGraph.c...
compiling GUIDEMO_Bitmap.c...
compiling GUIDEMO_ColorBar.c...
compiling GUIDEMO_Conf.c...
compiling GUIDEMO_Cursor.c...
compiling GUIDEMO_Fading.c...
compiling GUIDEMO_Graph.c...
compiling GUIDEMO_IconView.c...
compiling GUIDEMO_ImageFlow.c...
compiling GUIDEMO_Intro.c...
compiling GUIDEMO_Listview.c...
compiling GUIDEMO_Resource.c...
compiling GUIDEMO_Skinning.c...
compiling GUIDEMO_Speed.c...
compiling GUIDEMO_Speedometer.c...
compiling GUIDEMO_Start.c...
compiling GUIDEMO_TransparentDialog.c...
compiling GUIDEMO_Treeview.c...
compiling GUIDEMO_VScreen.c...
compiling GUIDEMO_WashingMachine.c...
compiling GUIDEMO_ZoomAndRotate.c...
compiling GUIConf.c...
compiling LCDConf.c...
..\Config\LCDConf.c(245): warning:  #177-D: function "_WriteReg" was declared but never referenced
..\Config\LCDConf.c(278): warning:  #177-D: function "_ExecJoystick" was declared but never referenced
compiling os_cpu_c.c...
compiling os_dbg.c...
assembling os_cpu_a.asm...
compiling os_core.c...
compiling os_flag.c...
compiling os_mbox.c...
compiling os_mem.c...
compiling os_mutex.c...
compiling os_q.c...
compiling os_sem.c...
compiling os_task.c...
compiling os_time.c...
compiling os_tmr.c...
compiling GUI_X_Touch.c...
compiling GUI_X_uCOS.c...
compiling bsp.c...
..\BSP\bsp.c(109): warning:  #223-D: function "USART1_Conf" declared implicitly
linking...
Program Size: Code=211588 RO-data=698568 RW-data=4464 ZI-data=35808  
"..\Output\Project.axf" - 0 Error(s), 10 Warning(s).
